test_campaign_count_cannot_expand_after_results (test_fitness_v2.AdmissionTests.test_campaign_count_cannot_expand_after_results) ... ok
test_correct_majority_table_n1_through_n10 (test_fitness_v2.AdmissionTests.test_correct_majority_table_n1_through_n10) ... ok
test_five_campaign_rule_and_lowest_seed_selection (test_fitness_v2.AdmissionTests.test_five_campaign_rule_and_lowest_seed_selection) ... ok
test_rejected_rank_one_is_not_replaced_by_sibling (test_fitness_v2.AdmissionTests.test_rejected_rank_one_is_not_replaced_by_sibling) ... ok
test_design_range_cannot_masquerade_as_frozen_bank (test_fitness_v2.BoundaryTests.test_design_range_cannot_masquerade_as_frozen_bank) ... ok
test_exact_content_addressed_minimum_bank_is_accepted (test_fitness_v2.BoundaryTests.test_exact_content_addressed_minimum_bank_is_accepted) ... ok
test_exact_rick_parameter_freeze_is_content_addressed_and_accepted (test_fitness_v2.BoundaryTests.test_exact_rick_parameter_freeze_is_content_addressed_and_accepted) ... ok
test_minimum_three_worlds_and_two_seeds_per_technique_are_enforced (test_fitness_v2.BoundaryTests.test_minimum_three_worlds_and_two_seeds_per_technique_are_enforced) ... ok
test_parameter_freeze_tampering_fails_closed (test_fitness_v2.BoundaryTests.test_parameter_freeze_tampering_fails_closed) ... ok
test_protected_period_calibration_is_rejected (test_fitness_v2.BoundaryTests.test_protected_period_calibration_is_rejected) ... ok
test_family_arithmetic_and_weights (test_fitness_v2.PerWorldContractTests.test_family_arithmetic_and_weights) ... ok
test_k3_return_drawdown_scaling (test_fitness_v2.PerWorldContractTests.test_k3_return_drawdown_scaling) ... ok
test_negative_return_is_not_clipped_away (test_fitness_v2.PerWorldContractTests.test_negative_return_is_not_clipped_away) ... ok
test_no_trade_short_circuits_before_sharpe (test_fitness_v2.PerWorldContractTests.test_no_trade_short_circuits_before_sharpe) ... ok
test_nonfinite_and_invalid_ranges_fail_closed (test_fitness_v2.PerWorldContractTests.test_nonfinite_and_invalid_ranges_fail_closed) ... ok
test_genuinely_modest_trade_counts_as_active (test_fitness_v2.SurvivalGateTests.test_genuinely_modest_trade_counts_as_active) ... ok
test_historical_and_synthetic_floors_are_nonnegotiable (test_fitness_v2.SurvivalGateTests.test_historical_and_synthetic_floors_are_nonnegotiable) ... ok
test_inactive_in_all_historical_worlds_is_rejected (test_fitness_v2.SurvivalGateTests.test_inactive_in_all_historical_worlds_is_rejected) ... ok
test_legitimate_defensive_inactivity_in_one_world_is_not_structural (test_fitness_v2.SurvivalGateTests.test_legitimate_defensive_inactivity_in_one_world_is_not_structural) ... ok
test_oc2_requires_all_three_distinct_margins (test_fitness_v2.SurvivalGateTests.test_oc2_requires_all_three_distinct_margins) ... ok
test_token_trades_do_not_evade_structural_inactivity (test_fitness_v2.SurvivalGateTests.test_token_trades_do_not_evade_structural_inactivity) ... ok
test_two_negative_family_drivers_cannot_use_oc1 (test_fitness_v2.SurvivalGateTests.test_two_negative_family_drivers_cannot_use_oc1) ... ok
test_all_references_remain_binding (test_fitness_v2_admission.MarketDistanceAmendmentTests.test_all_references_remain_binding) ... ok
test_anchor_inputs_are_immutable (test_fitness_v2_admission.MarketDistanceAmendmentTests.test_anchor_inputs_are_immutable) ... ok
test_execution_distance_only_exemption (test_fitness_v2_admission.MarketDistanceAmendmentTests.test_execution_distance_only_exemption) ... ok
test_exemption_does_not_accept_unknown_family_or_historical_replacement (test_fitness_v2_admission.MarketDistanceAmendmentTests.test_exemption_does_not_accept_unknown_family_or_historical_replacement) ... ok
test_existing_source_proves_h1_warmup_shortfall_without_generation (test_fitness_v2_admission.MarketDistanceAmendmentTests.test_existing_source_proves_h1_warmup_shortfall_without_generation) ... ok
test_invalid_descriptors_fail_closed_for_market_families (test_fitness_v2_admission.MarketDistanceAmendmentTests.test_invalid_descriptors_fail_closed_for_market_families) ... ok
test_other_families_keep_exact_threshold (test_fitness_v2_admission.MarketDistanceAmendmentTests.test_other_families_keep_exact_threshold) ... ok
test_all_signed_zero_mad_sentinels_and_booleans (test_fitness_v2_formula_definitions.ExactFormulaTests.test_all_signed_zero_mad_sentinels_and_booleans) ... ok
test_content_identity_tampering_and_no_readiness_claim (test_fitness_v2_formula_definitions.ExactFormulaTests.test_content_identity_tampering_and_no_readiness_claim) ... ok
test_increasing_decreasing_loglinear_and_constant (test_fitness_v2_formula_definitions.ExactFormulaTests.test_increasing_decreasing_loglinear_and_constant) ... ok
test_independent_window_formula_and_exact_per_asset_median (test_fitness_v2_formula_definitions.ExactFormulaTests.test_independent_window_formula_and_exact_per_asset_median) ... ok
test_invalid_prices_even_in_incomplete_history_rejected (test_fitness_v2_formula_definitions.ExactFormulaTests.test_invalid_prices_even_in_incomplete_history_rejected) ... ok
test_no_incomplete_contributions (test_fitness_v2_formula_definitions.ExactFormulaTests.test_no_incomplete_contributions) ... ok
test_nonzero_mad_formula (test_fitness_v2_formula_definitions.ExactFormulaTests.test_nonzero_mad_formula) ... ok
test_ordinary_family_median_and_one_sided_threshold (test_fitness_v2_formula_definitions.ExactFormulaTests.test_ordinary_family_median_and_one_sided_threshold) ... ok
test_source_boundary_excludes_anchor_only_earlier_history (test_fitness_v2_formula_definitions.ExactFormulaTests.test_source_boundary_excludes_anchor_only_earlier_history) ... ok
test_variance_convention_can_change_distance_admission (test_fitness_v2_formula_definitions.ScientificConservationProofTests.test_variance_convention_can_change_distance_admission) ... ok
test_unspecified_trend_normalization_changes_frozen_gate (test_fitness_v2_warmup.DescriptorDefinitionProofTests.test_unspecified_trend_normalization_changes_frozen_gate) ... ok
test_zero_mad_does_not_define_numeric_family_z (test_fitness_v2_warmup.DescriptorDefinitionProofTests.test_zero_mad_does_not_define_numeric_family_z) ... ok
test_all_shapes_exact_real_anchor_and_no_mutation (test_fitness_v2_warmup.WarmupAmendmentTests.test_all_shapes_exact_real_anchor_and_no_mutation) ... ok
test_content_address_and_no_readiness_claim (test_fitness_v2_warmup.WarmupAmendmentTests.test_content_address_and_no_readiness_claim) ... ok
test_fabricated_missing_or_future_rows_fail (test_fitness_v2_warmup.WarmupAmendmentTests.test_fabricated_missing_or_future_rows_fail) ... ok
test_generated_families_cannot_take_exception (test_fitness_v2_warmup.WarmupAmendmentTests.test_generated_families_cannot_take_exception) ... ok
test_shock_warmup_exception_does_not_exempt_distance (test_fitness_v2_warmup.WarmupAmendmentTests.test_shock_warmup_exception_does_not_exempt_distance) ... ok
test_unknown_family_is_not_an_exception (test_fitness_v2_warmup.WarmupAmendmentTests.test_unknown_family_is_not_an_exception) ... ok

----------------------------------------------------------------------
Ran 47 tests in 0.699s

OK
