test_dividend_absent_from_bbb_which_never_pays_one (test_adversarial.CorporateActionLeakageTestCase.test_dividend_absent_from_bbb_which_never_pays_one) ... ok
test_history_bars_spanning_dividend_from_before_shows_it_only_at_its_date (test_adversarial.CorporateActionLeakageTestCase.test_history_bars_spanning_dividend_from_before_shows_it_only_at_its_date) ... ok
test_querying_one_symbol_does_not_affect_another (test_adversarial.CrossAssetTemporalLeakageTestCase.test_querying_one_symbol_does_not_affect_another) ... ok
test_repeated_calls_produce_no_shared_mutable_state_interference (test_adversarial.CrossAssetTemporalLeakageTestCase.test_repeated_calls_produce_no_shared_mutable_state_interference) ... ok
test_legitimate_hash_sequence_unaffected_by_interleaved_attacks (test_adversarial.DeterministicReplayAfterAdversarialRequestsTestCase.test_legitimate_hash_sequence_unaffected_by_interleaved_attacks) ... ok
test_no_way_to_pass_a_date_to_observe_or_history (test_adversarial.DirectFutureAccessTestCase.test_no_way_to_pass_a_date_to_observe_or_history) ... ok
test_repeated_observe_at_same_clock_is_stable_not_advancing (test_adversarial.DirectFutureAccessTestCase.test_repeated_observe_at_same_clock_is_stable_not_advancing) ... ok
test_range_with_zero_trading_days_refused_at_construction (test_adversarial.EpisodeBoundaryAbuseTestCase.test_range_with_zero_trading_days_refused_at_construction) ... ok
test_single_day_episode (test_adversarial.EpisodeBoundaryAbuseTestCase.test_single_day_episode) ... ok
test_start_end_on_non_trading_days_still_bounds_correctly (test_adversarial.EpisodeBoundaryAbuseTestCase.test_start_end_on_non_trading_days_still_bounds_correctly) ... ok
test_availability_flag_carries_no_countdown_information (test_adversarial.FutureInceptionLeakageTestCase.test_availability_flag_carries_no_countdown_information)
{'available': False} and nothing else -- confirms no 'days ... ok
test_bars_value_does_not_change_pre_inception_empty_result (test_adversarial.FutureInceptionLeakageTestCase.test_bars_value_does_not_change_pre_inception_empty_result) ... ok
test_hash_mismatch_alone_still_caught_first_when_manifest_not_patched (test_adversarial.MalformedDatasetInputTestCase.test_hash_mismatch_alone_still_caught_first_when_manifest_not_patched)
Regression guard for the ordering itself: an unpatched ... ok
test_malformed_timestamp_format_refused (test_adversarial.MalformedDatasetInputTestCase.test_malformed_timestamp_format_refused) ... ok
test_non_numeric_adjusted_close_refused (test_adversarial.MalformedDatasetInputTestCase.test_non_numeric_adjusted_close_refused) ... ok
test_non_numeric_price_field_refused (test_adversarial.MalformedDatasetInputTestCase.test_non_numeric_price_field_refused) ... ok
test_agent_view_has_no_db_or_audit_access (test_adversarial.MaskedMetadataHashAuditLeakageTestCase.test_agent_view_has_no_db_or_audit_access) ... ok
test_asset_key_order_is_stable_across_days_not_a_date_signal (test_adversarial.MaskedMetadataHashAuditLeakageTestCase.test_asset_key_order_is_stable_across_days_not_a_date_signal) ... ok
test_dataset_revision_field_is_constant_across_days_not_a_date_proxy (test_adversarial.MaskedMetadataHashAuditLeakageTestCase.test_dataset_revision_field_is_constant_across_days_not_a_date_proxy) ... ok
test_exception_messages_never_contain_a_real_date (test_adversarial.MaskedMetadataHashAuditLeakageTestCase.test_exception_messages_never_contain_a_real_date) ... ok
test_observation_hash_cannot_be_correlated_to_real_dates (test_adversarial.MaskedMetadataHashAuditLeakageTestCase.test_observation_hash_cannot_be_correlated_to_real_dates)
The hash is computed over the already-masked payload -- it ... ok
test_serialization_forms_of_returned_payload_leak_nothing_extra (test_adversarial.MaskedMetadataHashAuditLeakageTestCase.test_serialization_forms_of_returned_payload_leak_nothing_extra) ... ok
test_mutating_returned_history_list_does_not_corrupt_engine (test_adversarial.MutableReturnedObjectTestCase.test_mutating_returned_history_list_does_not_corrupt_engine) ... ok
test_mutating_returned_observation_does_not_corrupt_engine (test_adversarial.MutableReturnedObjectTestCase.test_mutating_returned_observation_does_not_corrupt_engine) ... ok
test_name_mangled_attribute_does_reach_full_dataset_and_this_is_expected (test_adversarial.OutOfScopeIntrospectionTestCase.test_name_mangled_attribute_does_reach_full_dataset_and_this_is_expected) ... ok
test_extremely_large_bars_terminates_fast_and_clamped (test_adversarial.OversizedNegativeZeroHistoryTestCase.test_extremely_large_bars_terminates_fast_and_clamped) ... ok
test_negative_bars (test_adversarial.OversizedNegativeZeroHistoryTestCase.test_negative_bars) ... ok
test_non_int_bars_rejected_not_silently_coerced (test_adversarial.OversizedNegativeZeroHistoryTestCase.test_non_int_bars_rejected_not_silently_coerced) ... ok
test_zero_bars (test_adversarial.OversizedNegativeZeroHistoryTestCase.test_zero_bars) ... ok
test_no_public_attribute_reaches_engine_or_dataset (test_adversarial.ReachingEngineThroughSupportedInterfaceTestCase.test_no_public_attribute_reaches_engine_or_dataset) ... ok
test_new_observation_after_advance_is_genuinely_different (test_adversarial.StaleCachedObservationTestCase.test_new_observation_after_advance_is_genuinely_different) ... ok
test_previously_returned_observation_does_not_mutate_on_advance (test_adversarial.StaleCachedObservationTestCase.test_previously_returned_observation_does_not_mutate_on_advance) ... ok
test_case_sensitivity_not_silently_matched (test_adversarial.SymbolBoundaryTestCase.test_case_sensitivity_not_silently_matched) ... ok
test_empty_and_none_symbol_rejected (test_adversarial.SymbolBoundaryTestCase.test_empty_and_none_symbol_rejected) ... ok
test_non_string_symbol_rejected (test_adversarial.SymbolBoundaryTestCase.test_non_string_symbol_rejected) ... ok
test_whitespace_padded_symbol_rejected (test_adversarial.SymbolBoundaryTestCase.test_whitespace_padded_symbol_rejected) ... ok
test_dataset_revision_identical_across_reruns_on_unchanged_raw_input (test_build_dataset_revision.BuildDeterminismTestCase.test_dataset_revision_identical_across_reruns_on_unchanged_raw_input) ... ok
test_completed_experiment_persists_terminal_result (test_control_integration.DeterministicRerunTestCase.test_completed_experiment_persists_terminal_result) ... ok
test_full_rerun_identical_in_every_required_field (test_control_integration.DeterministicRerunTestCase.test_full_rerun_identical_in_every_required_field) ... ok
test_halt_triggers_and_liquidates_and_stays_halted (test_control_integration.DrawdownHaltIntegrationTestCase.test_halt_triggers_and_liquidates_and_stays_halted) ... ok
test_no_rebalance_orders_after_halt_even_on_schedule (test_control_integration.DrawdownHaltIntegrationTestCase.test_no_rebalance_orders_after_halt_even_on_schedule) ... ok
test_equity_curve_csv_round_trips_through_csv_reader (test_control_integration.EquityCurveArtifactTestCase.test_equity_curve_csv_round_trips_through_csv_reader)
Regression: positions_json (e.g. {"EEM": 10701, "GLD": 5607}) ... ok
test_injected_verifier_disagreement_fails_closed_and_records_provenance (test_control_integration.FailurePersistenceTestCase.test_injected_verifier_disagreement_fails_closed_and_records_provenance) ... ok
test_runtime_failure_persists_failed_experiment_and_episode (test_control_integration.FailurePersistenceTestCase.test_runtime_failure_persists_failed_experiment_and_episode) ... ok
test_buy_and_sell_fill_slippage_is_persisted (test_control_integration.SlippagePersistenceAuditTestCase.test_buy_and_sell_fill_slippage_is_persisted) ... ok
test_10_deterministic_repeated_execution_gives_identical_output (test_dividend_accounting.DividendIntegrationTestCase.test_10_deterministic_repeated_execution_gives_identical_output) ... ok
test_8_daily_equity_reflects_dividend_cash_without_adjusted_price_double_counting (test_dividend_accounting.DividendIntegrationTestCase.test_8_daily_equity_reflects_dividend_cash_without_adjusted_price_double_counting) ... ok
test_9_indicators_signals_unchanged_by_accounting_repair (test_dividend_accounting.DividendIntegrationTestCase.test_9_indicators_signals_unchanged_by_accounting_repair) ... ok
test_9b_credit_dividend_observation_leaves_market_view_untouched (test_dividend_accounting.DividendIntegrationTestCase.test_9b_credit_dividend_observation_leaves_market_view_untouched) ... ok
test_1_eligible_long_position_receives_dividend_cash (test_dividend_accounting.PortfolioCreditDividendTestCase.test_1_eligible_long_position_receives_dividend_cash) ... ok
test_2_no_position_receives_no_dividend (test_dividend_accounting.PortfolioCreditDividendTestCase.test_2_no_position_receives_no_dividend) ... ok
test_3_post_event_acquisition_receives_no_retroactive_dividend (test_dividend_accounting.PortfolioCreditDividendTestCase.test_3_post_event_acquisition_receives_no_retroactive_dividend)
Mirrors the real call-site ordering: credit_dividend is invoked ... ok
test_4_dividend_credited_exactly_once (test_dividend_accounting.PortfolioCreditDividendTestCase.test_4_dividend_credited_exactly_once) ... ok
test_5_amount_scales_correctly_with_share_quantity (test_dividend_accounting.PortfolioCreditDividendTestCase.test_5_amount_scales_correctly_with_share_quantity) ... ok
test_6_multiple_dividend_events_accumulate_correctly (test_dividend_accounting.PortfolioCreditDividendTestCase.test_6_multiple_dividend_events_accumulate_correctly) ... ok
test_7_unrelated_assets_are_unaffected (test_dividend_accounting.PortfolioCreditDividendTestCase.test_7_unrelated_assets_are_unaffected) ... ok
test_dividend_amount_dollars_parses_present_absent_and_split_only (test_dividend_accounting.PortfolioCreditDividendTestCase.test_dividend_amount_dollars_parses_present_absent_and_split_only) ... ok
test_12_percent_halt_threshold_exact_boundary (test_execution.DrawdownTestCase.test_12_percent_halt_threshold_exact_boundary) ... ok
test_drawdown_formula (test_execution.DrawdownTestCase.test_drawdown_formula) ... ok
test_buy_fill_includes_adverse_slippage (test_execution.FillTimingAndTransactionCostTestCase.test_buy_fill_includes_adverse_slippage) ... ok
test_buy_fill_reports_total_actual_slippage_cents (test_execution.FillTimingAndTransactionCostTestCase.test_buy_fill_reports_total_actual_slippage_cents) ... ok
test_buy_then_sell_realizes_pl_net_of_both_commissions (test_execution.FillTimingAndTransactionCostTestCase.test_buy_then_sell_realizes_pl_net_of_both_commissions) ... ok
test_commission_charged_on_every_fill (test_execution.FillTimingAndTransactionCostTestCase.test_commission_charged_on_every_fill) ... ok
test_next_session_execution_price_differs_from_decision_session (test_execution.FillTimingAndTransactionCostTestCase.test_next_session_execution_price_differs_from_decision_session)
The decision/sizing price and the fill price must be able to ... ok
test_sell_fill_includes_adverse_slippage (test_execution.FillTimingAndTransactionCostTestCase.test_sell_fill_includes_adverse_slippage) ... ok
test_sell_fill_reports_total_actual_slippage_cents (test_execution.FillTimingAndTransactionCostTestCase.test_sell_fill_reports_total_actual_slippage_cents) ... ok
test_long_only_never_negative_shares (test_execution.OrderConstructionTestCase.test_long_only_never_negative_shares) ... ok
test_no_order_when_already_at_target (test_execution.OrderConstructionTestCase.test_no_order_when_already_at_target) ... ok
test_symbols_not_in_target_are_liquidated_not_left_open (test_execution.OrderConstructionTestCase.test_symbols_not_in_target_are_liquidated_not_left_open) ... ok
test_cash_residual_when_fewer_than_max_positions_selected (test_execution.PositionSizingTestCase.test_cash_residual_when_fewer_than_max_positions_selected) ... ok
test_individual_35_percent_cap_enforced_not_redistributed (test_execution.PositionSizingTestCase.test_individual_35_percent_cap_enforced_not_redistributed) ... ok
test_inverse_volatility_weighting_hand_computed (test_execution.PositionSizingTestCase.test_inverse_volatility_weighting_hand_computed) ... ok
test_no_selection_means_all_cash (test_execution.PositionSizingTestCase.test_no_selection_means_all_cash) ... ok
test_total_exposure_never_exceeds_80_percent_when_uncapped (test_execution.PositionSizingTestCase.test_total_exposure_never_exceeds_80_percent_when_uncapped) ... ok
test_21_session_schedule_is_step_index_modulo (test_execution.RebalanceScheduleTestCase.test_21_session_schedule_is_step_index_modulo) ... ok
test_leverage_and_shorting_refused (test_execution.RiskGateTestCase.test_leverage_and_shorting_refused) ... ok
test_liquidation_to_zero_permitted_even_past_halt (test_execution.RiskGateTestCase.test_liquidation_to_zero_permitted_even_past_halt) ... ok
test_new_position_refused_once_drawdown_past_halt_independent_of_agent_flag (test_execution.RiskGateTestCase.test_new_position_refused_once_drawdown_past_halt_independent_of_agent_flag)
Risk gate enforces this itself -- not by trusting the agent's ... ok
test_over_35_percent_single_asset_refused (test_execution.RiskGateTestCase.test_over_35_percent_single_asset_refused) ... ok
test_over_80_percent_total_refused (test_execution.RiskGateTestCase.test_over_80_percent_total_refused) ... ok
test_unknown_asset_refused (test_execution.RiskGateTestCase.test_unknown_asset_refused) ... ok
test_valid_target_passes (test_execution.RiskGateTestCase.test_valid_target_passes) ... ok
test_campaign_count_cannot_expand_after_results (test_fitness_v2.AdmissionTests.test_campaign_count_cannot_expand_after_results) ... ok
test_correct_majority_table_n1_through_n10 (test_fitness_v2.AdmissionTests.test_correct_majority_table_n1_through_n10) ... ok
test_five_campaign_rule_and_lowest_seed_selection (test_fitness_v2.AdmissionTests.test_five_campaign_rule_and_lowest_seed_selection) ... ok
test_rejected_rank_one_is_not_replaced_by_sibling (test_fitness_v2.AdmissionTests.test_rejected_rank_one_is_not_replaced_by_sibling) ... ok
test_design_range_cannot_masquerade_as_frozen_bank (test_fitness_v2.BoundaryTests.test_design_range_cannot_masquerade_as_frozen_bank) ... ok
test_exact_content_addressed_minimum_bank_is_accepted (test_fitness_v2.BoundaryTests.test_exact_content_addressed_minimum_bank_is_accepted) ... ok
test_exact_rick_parameter_freeze_is_content_addressed_and_accepted (test_fitness_v2.BoundaryTests.test_exact_rick_parameter_freeze_is_content_addressed_and_accepted) ... ok
test_minimum_three_worlds_and_two_seeds_per_technique_are_enforced (test_fitness_v2.BoundaryTests.test_minimum_three_worlds_and_two_seeds_per_technique_are_enforced) ... ok
test_parameter_freeze_tampering_fails_closed (test_fitness_v2.BoundaryTests.test_parameter_freeze_tampering_fails_closed) ... ok
test_protected_period_calibration_is_rejected (test_fitness_v2.BoundaryTests.test_protected_period_calibration_is_rejected) ... ok
test_family_arithmetic_and_weights (test_fitness_v2.PerWorldContractTests.test_family_arithmetic_and_weights) ... ok
test_k3_return_drawdown_scaling (test_fitness_v2.PerWorldContractTests.test_k3_return_drawdown_scaling) ... ok
test_negative_return_is_not_clipped_away (test_fitness_v2.PerWorldContractTests.test_negative_return_is_not_clipped_away) ... ok
test_no_trade_short_circuits_before_sharpe (test_fitness_v2.PerWorldContractTests.test_no_trade_short_circuits_before_sharpe) ... ok
test_nonfinite_and_invalid_ranges_fail_closed (test_fitness_v2.PerWorldContractTests.test_nonfinite_and_invalid_ranges_fail_closed) ... ok
test_genuinely_modest_trade_counts_as_active (test_fitness_v2.SurvivalGateTests.test_genuinely_modest_trade_counts_as_active) ... ok
test_historical_and_synthetic_floors_are_nonnegotiable (test_fitness_v2.SurvivalGateTests.test_historical_and_synthetic_floors_are_nonnegotiable) ... ok
test_inactive_in_all_historical_worlds_is_rejected (test_fitness_v2.SurvivalGateTests.test_inactive_in_all_historical_worlds_is_rejected) ... ok
test_legitimate_defensive_inactivity_in_one_world_is_not_structural (test_fitness_v2.SurvivalGateTests.test_legitimate_defensive_inactivity_in_one_world_is_not_structural) ... ok
test_oc2_requires_all_three_distinct_margins (test_fitness_v2.SurvivalGateTests.test_oc2_requires_all_three_distinct_margins) ... ok
test_token_trades_do_not_evade_structural_inactivity (test_fitness_v2.SurvivalGateTests.test_token_trades_do_not_evade_structural_inactivity) ... ok
test_two_negative_family_drivers_cannot_use_oc1 (test_fitness_v2.SurvivalGateTests.test_two_negative_family_drivers_cannot_use_oc1) ... ok
test_all_references_remain_binding (test_fitness_v2_admission.MarketDistanceAmendmentTests.test_all_references_remain_binding) ... ok
test_anchor_inputs_are_immutable (test_fitness_v2_admission.MarketDistanceAmendmentTests.test_anchor_inputs_are_immutable) ... ok
test_execution_distance_only_exemption (test_fitness_v2_admission.MarketDistanceAmendmentTests.test_execution_distance_only_exemption) ... ok
test_exemption_does_not_accept_unknown_family_or_historical_replacement (test_fitness_v2_admission.MarketDistanceAmendmentTests.test_exemption_does_not_accept_unknown_family_or_historical_replacement) ... ok
test_existing_source_proves_h1_warmup_shortfall_without_generation (test_fitness_v2_admission.MarketDistanceAmendmentTests.test_existing_source_proves_h1_warmup_shortfall_without_generation) ... ok
test_invalid_descriptors_fail_closed_for_market_families (test_fitness_v2_admission.MarketDistanceAmendmentTests.test_invalid_descriptors_fail_closed_for_market_families) ... ok
test_other_families_keep_exact_threshold (test_fitness_v2_admission.MarketDistanceAmendmentTests.test_other_families_keep_exact_threshold) ... ok
test_eligibility_true_once_full_history_and_uptrend (test_indicators.IndicatorTestCase.test_eligibility_true_once_full_history_and_uptrend) ... ok
test_independent_verifier_agrees_on_every_metric (test_indicators.IndicatorTestCase.test_independent_verifier_agrees_on_every_metric) ... ok
test_insufficient_history_is_not_eligible_never_substituted (test_indicators.IndicatorTestCase.test_insufficient_history_is_not_eligible_never_substituted) ... ok
test_momentum_63_126_252_hand_computed (test_indicators.IndicatorTestCase.test_momentum_63_126_252_hand_computed) ... ok
test_moving_average_200_hand_computed (test_indicators.IndicatorTestCase.test_moving_average_200_hand_computed) ... ok
test_ranking_deterministic_tie_break_by_symbol_ascending (test_indicators.IndicatorTestCase.test_ranking_deterministic_tie_break_by_symbol_ascending) ... ok
test_ranking_respects_max_positions_cap (test_indicators.IndicatorTestCase.test_ranking_respects_max_positions_cap) ... ok
test_short_series_never_becomes_eligible_within_its_30_bars (test_indicators.IndicatorTestCase.test_short_series_never_becomes_eligible_within_its_30_bars) ... ok
test_volatility_matches_sample_stdev_of_simple_returns (test_indicators.IndicatorTestCase.test_volatility_matches_sample_stdev_of_simple_returns) ... ok
test_asset_identity_preservation (test_normalize.NormalizeTestCase.test_asset_identity_preservation) ... ok
test_corporate_action_and_adjusted_close_distinct (test_normalize.NormalizeTestCase.test_corporate_action_and_adjusted_close_distinct) ... ok
test_dataset_revision_hash_is_deterministic_and_sensitive_to_change (test_normalize.NormalizeTestCase.test_dataset_revision_hash_is_deterministic_and_sensitive_to_change) ... ok
test_duplicate_detection (test_normalize.NormalizeTestCase.test_duplicate_detection) ... ok
test_invalid_numeric_rejection (test_normalize.NormalizeTestCase.test_invalid_numeric_rejection) ... ok
test_missing_adjclose_series_is_explicit_none_not_fabricated (test_normalize.NormalizeTestCase.test_missing_adjclose_series_is_explicit_none_not_fabricated) ... ok
test_no_fabricated_timestamps (test_normalize.NormalizeTestCase.test_no_fabricated_timestamps) ... ok
test_normalized_determinism (test_normalize.NormalizeTestCase.test_normalized_determinism) ... ok
test_raw_file_hash_stability (test_normalize.NormalizeTestCase.test_raw_file_hash_stability) ... ok
test_required_field_validation (test_normalize.NormalizeTestCase.test_required_field_validation) ... ok
test_source_provenance_preservation (test_normalize.NormalizeTestCase.test_source_provenance_preservation) ... ok
test_timestamp_ordering (test_normalize.NormalizeTestCase.test_timestamp_ordering) ... ok
test_asset_available_from_inception_onward (test_replay.AssetInceptionTestCase.test_asset_available_from_inception_onward) ... ok
test_asset_unavailable_before_inception (test_replay.AssetInceptionTestCase.test_asset_unavailable_before_inception) ... ok
test_episode_not_dropped_by_one_asset_missing (test_replay.AssetInceptionTestCase.test_episode_not_dropped_by_one_asset_missing) ... ok
test_agent_view_has_no_advance_or_engine_surface (test_replay.ClockAndEpisodeLifecycleTestCase.test_agent_view_has_no_advance_or_engine_surface) ... ok
test_episode_end_enforcement (test_replay.ClockAndEpisodeLifecycleTestCase.test_episode_end_enforcement) ... ok
test_legal_advancement_walks_every_calendar_date_in_order (test_replay.ClockAndEpisodeLifecycleTestCase.test_legal_advancement_walks_every_calendar_date_in_order) ... ok
test_no_reversal_or_seek_method_exists (test_replay.ClockAndEpisodeLifecycleTestCase.test_no_reversal_or_seek_method_exists) ... ok
test_step_count_is_dates_in_range_inclusive (test_replay.ClockAndEpisodeLifecycleTestCase.test_step_count_is_dates_in_range_inclusive) ... ok
test_corporate_action_boundary_via_history (test_replay.CorporateActionTestCase.test_corporate_action_boundary_via_history) ... ok
test_corporate_action_exposed_exactly_on_its_date (test_replay.CorporateActionTestCase.test_corporate_action_exposed_exactly_on_its_date) ... ok
test_future_corporate_action_not_exposed (test_replay.CorporateActionTestCase.test_future_corporate_action_not_exposed) ... ok
test_changed_normalized_csv_refused (test_replay.DatasetVerificationTestCase.test_changed_normalized_csv_refused) ... ok
test_does_not_modify_the_dataset_it_verifies (test_replay.DatasetVerificationTestCase.test_does_not_modify_the_dataset_it_verifies) ... ok
test_flipped_manifest_dataset_revision_field_refused (test_replay.DatasetVerificationTestCase.test_flipped_manifest_dataset_revision_field_refused)
Editing ONLY the manifest's self-reported dataset_revision string ... ok
test_missing_manifest_refused (test_replay.DatasetVerificationTestCase.test_missing_manifest_refused) ... ok
test_missing_normalized_artifact_refused (test_replay.DatasetVerificationTestCase.test_missing_normalized_artifact_refused) ... ok
test_tampered_content_hash_entry_refused (test_replay.DatasetVerificationTestCase.test_tampered_content_hash_entry_refused)
Editing a normalized_content_hashes entry to lie about a CSV's ... ok
test_test_fixture_cannot_masquerade_as_accepted_historical_data (test_replay.DatasetVerificationTestCase.test_test_fixture_cannot_masquerade_as_accepted_historical_data) ... ok
test_unknown_dataset_revision_refused (test_replay.DatasetVerificationTestCase.test_unknown_dataset_revision_refused) ... ok
test_valid_dataset_loads (test_replay.DatasetVerificationTestCase.test_valid_dataset_loads) ... ok
test_full_episode_rerun_matches_including_history (test_replay.DeterminismTestCase.test_full_episode_rerun_matches_including_history) ... ok
test_identical_construction_produces_identical_hash_sequence (test_replay.DeterminismTestCase.test_identical_construction_produces_identical_hash_sequence) ... ok
test_masked_and_unmasked_hash_sequences_differ (test_replay.DeterminismTestCase.test_masked_and_unmasked_hash_sequences_differ) ... ok
test_history_day_numbers_can_precede_episode_start (test_replay.MaskedTimeTestCase.test_history_day_numbers_can_precede_episode_start) ... ok
test_masked_history_has_no_real_dates_full_payload_scan (test_replay.MaskedTimeTestCase.test_masked_history_has_no_real_dates_full_payload_scan) ... ok
test_masked_observation_has_no_real_date (test_replay.MaskedTimeTestCase.test_masked_observation_has_no_real_date) ... ok
test_no_epoch_magnitude_integers_anywhere_in_payload (test_replay.MaskedTimeTestCase.test_no_epoch_magnitude_integers_anywhere_in_payload) ... ok
test_unmasked_mode_does_carry_real_timestamp (test_replay.MaskedTimeTestCase.test_unmasked_mode_does_carry_real_timestamp) ... ok
test_future_ohlcv_never_appears_in_observation (test_replay.ObservationBoundaryTestCase.test_future_ohlcv_never_appears_in_observation) ... ok
test_history_huge_request_terminates_and_clamps (test_replay.ObservationBoundaryTestCase.test_history_huge_request_terminates_and_clamps) ... ok
test_history_never_extends_past_clock (test_replay.ObservationBoundaryTestCase.test_history_never_extends_past_clock) ... ok
test_history_pre_inception_returns_empty (test_replay.ObservationBoundaryTestCase.test_history_pre_inception_returns_empty) ... ok
test_history_unknown_symbol_raises (test_replay.ObservationBoundaryTestCase.test_history_unknown_symbol_raises) ... ok
test_only_whitelisted_fields_ever_appear (test_replay.ObservationBoundaryTestCase.test_only_whitelisted_fields_ever_appear)
Backs the acceptance receipt's 'future indicators exposed: 0' ... ok
test_bundle_retains_no_rows_after_authorized_lane_end (test_replay.RetentionBoundaryTestCase.test_bundle_retains_no_rows_after_authorized_lane_end) ... ok
test_episode_end_cannot_exceed_retention_end (test_replay.RetentionBoundaryTestCase.test_episode_end_cannot_exceed_retention_end) ... ok
test_arbitrary_interval_is_rejected_even_if_it_matches_a_lane (test_s5_boundary.LaneBoundaryTestCase.test_arbitrary_interval_is_rejected_even_if_it_matches_a_lane) ... ok
test_championship_manifest_is_rejected_as_sealed (test_s5_boundary.LaneBoundaryTestCase.test_championship_manifest_is_rejected_as_sealed) ... ok
test_control_genome_definition_is_the_only_anchor (test_s5_boundary.LaneBoundaryTestCase.test_control_genome_definition_is_the_only_anchor) ... ok
test_development_bounds_are_exact (test_s5_boundary.LaneBoundaryTestCase.test_development_bounds_are_exact) ... ok
test_development_control_is_freshly_evaluated_at_manifest_bounds (test_s5_boundary.LaneBoundaryTestCase.test_development_control_is_freshly_evaluated_at_manifest_bounds) ... ok
test_final_reserve_manifest_is_rejected_as_sealed (test_s5_boundary.LaneBoundaryTestCase.test_final_reserve_manifest_is_rejected_as_sealed) ... ok
test_fresh_development_metrics_can_be_whitelisted_as_fitness (test_s5_boundary.LaneBoundaryTestCase.test_fresh_development_metrics_can_be_whitelisted_as_fitness) ... ok
test_historical_result_identifiers_are_rejected (test_s5_boundary.LaneBoundaryTestCase.test_historical_result_identifiers_are_rejected) ... ok
test_historical_s4_performance_payload_is_rejected (test_s5_boundary.LaneBoundaryTestCase.test_historical_s4_performance_payload_is_rejected) ... ok
test_lane_manifest_hashes_are_deterministic_and_content_addressed (test_s5_boundary.LaneBoundaryTestCase.test_lane_manifest_hashes_are_deterministic_and_content_addressed) ... ok
test_qualification_bounds_are_exact_and_feedback_is_disabled (test_s5_boundary.LaneBoundaryTestCase.test_qualification_bounds_are_exact_and_feedback_is_disabled) ... ok
test_qualification_feedback_input_is_rejected (test_s5_boundary.LaneBoundaryTestCase.test_qualification_feedback_input_is_rejected) ... ok
test_qualification_result_cannot_feed_evolutionary_fitness (test_s5_boundary.LaneBoundaryTestCase.test_qualification_result_cannot_feed_evolutionary_fitness) ... ok
test_tainted_manifest_with_stale_hash_is_rejected (test_s5_boundary.LaneBoundaryTestCase.test_tainted_manifest_with_stale_hash_is_rejected) ... ok
test_tainted_self_consistent_manifest_is_not_authorized (test_s5_boundary.LaneBoundaryTestCase.test_tainted_self_consistent_manifest_is_not_authorized) ... ok
test_complete_frozen_formula_is_applied_exactly (test_s5a_evolution.S5AFitnessTestCase.test_complete_frozen_formula_is_applied_exactly) ... ok
test_incomplete_episode_set_is_rejected (test_s5a_evolution.S5AFitnessTestCase.test_incomplete_episode_set_is_rejected) ... ok
test_immutable_or_misordered_genome_fails_closed (test_s5a_evolution.S5AGenomeTestCase.test_immutable_or_misordered_genome_fails_closed) ... ok
test_population_distance_and_diversity_are_deterministic (test_s5a_evolution.S5AGenomeTestCase.test_population_distance_and_diversity_are_deterministic) ... ok
test_random_and_mutated_genomes_are_deterministic_and_bounded (test_s5a_evolution.S5AGenomeTestCase.test_random_and_mutated_genomes_are_deterministic_and_bounded) ... ok
test_episode_state_is_fresh_and_repeatable (test_s5a_evolution.S5AIsolationIntegrationTestCase.test_episode_state_is_fresh_and_repeatable) ... ok
test_independent_verifier_disagreement_fails_closed (test_s5a_evolution.S5AIsolationIntegrationTestCase.test_independent_verifier_disagreement_fails_closed) ... ok
test_verified_bundle_retains_no_locked_lane_rows (test_s5a_evolution.S5AIsolationIntegrationTestCase.test_verified_bundle_retains_no_locked_lane_rows) ... ok
test_generation_zero_and_one_are_exactly_50_unique (test_s5a_evolution.S5APersistenceTestCase.test_generation_zero_and_one_are_exactly_50_unique) ... ok
test_retired_organism_stays_auditable_and_cannot_be_active (test_s5a_evolution.S5APersistenceTestCase.test_retired_organism_stays_auditable_and_cannot_be_active) ... ok
test_schema_rejects_duplicate_population_genome_slots (test_s5a_evolution.S5APersistenceTestCase.test_schema_rejects_duplicate_population_genome_slots) ... ok
test_episode_manifest_is_contiguous_and_resets_all_state (test_s5a_evolution.S5AProtocolTestCase.test_episode_manifest_is_contiguous_and_resets_all_state) ... ok
test_population_formula_and_control_anchor_are_frozen (test_s5a_evolution.S5AProtocolTestCase.test_population_formula_and_control_anchor_are_frozen) ... ok
test_protocol_is_content_addressed_and_development_only (test_s5a_evolution.S5AProtocolTestCase.test_protocol_is_content_addressed_and_development_only) ... ok
test_qualification_and_locked_dates_are_absent_from_protocol (test_s5a_evolution.S5AProtocolTestCase.test_qualification_and_locked_dates_are_absent_from_protocol) ... ok
test_dirty_revision_refuses_before_database_creation (test_s5a_evolution.S5ARunGuardTestCase.test_dirty_revision_refuses_before_database_creation) ... ok
test_authorized_or_warmup_change_changes_bundle_revision (test_s5a_isolation.DevelopmentBundleIsolationTestCase.test_authorized_or_warmup_change_changes_bundle_revision) ... ok
test_evaluator_accepts_no_source_path_date_range_or_historical_payload (test_s5a_isolation.DevelopmentBundleIsolationTestCase.test_evaluator_accepts_no_source_path_date_range_or_historical_payload) ... ok
test_excessive_history_request_is_clamped_to_legitimate_bundle_rows (test_s5a_isolation.DevelopmentBundleIsolationTestCase.test_excessive_history_request_is_clamped_to_legitimate_bundle_rows) ... ok
test_late_inception_asset_is_not_eligible_when_history_is_insufficient (test_s5a_isolation.DevelopmentBundleIsolationTestCase.test_late_inception_asset_is_not_eligible_when_history_is_insufficient) ... ok
test_locked_row_change_does_not_change_evaluation_content_revision (test_s5a_isolation.DevelopmentBundleIsolationTestCase.test_locked_row_change_does_not_change_evaluation_content_revision) ... ok
test_locked_rows_are_unavailable_and_instrumented_fail_closed (test_s5a_isolation.DevelopmentBundleIsolationTestCase.test_locked_rows_are_unavailable_and_instrumented_fail_closed) ... ok
test_malformed_locked_row_cannot_affect_selected_evaluation_content (test_s5a_isolation.DevelopmentBundleIsolationTestCase.test_malformed_locked_row_cannot_affect_selected_evaluation_content) ... ok
test_real_bundle_exposes_only_warmup_and_development (test_s5a_isolation.DevelopmentBundleIsolationTestCase.test_real_bundle_exposes_only_warmup_and_development) ... ok
test_every_episode_gets_independent_fresh_state (test_s5b_preparation.S5BFrozenProtocolTestCase.test_every_episode_gets_independent_fresh_state) ... ok
test_four_calendar_year_episodes_and_fresh_state_are_frozen (test_s5b_preparation.S5BFrozenProtocolTestCase.test_four_calendar_year_episodes_and_fresh_state_are_frozen) ... ok
test_historical_performance_and_feedback_are_rejected (test_s5b_preparation.S5BFrozenProtocolTestCase.test_historical_performance_and_feedback_are_rejected) ... ok
test_rank_waits_for_ten_and_uses_genome_id_for_ties (test_s5b_preparation.S5BFrozenProtocolTestCase.test_rank_waits_for_ten_and_uses_genome_id_for_ties) ... ok
test_score_is_exactly_the_frozen_s5a_equation_on_four_episodes (test_s5b_preparation.S5BFrozenProtocolTestCase.test_score_is_exactly_the_frozen_s5a_equation_on_four_episodes) ... ok
test_trusted_selector_never_serializes_post_2022_rows (test_s5b_preparation.S5BFrozenProtocolTestCase.test_trusted_selector_never_serializes_post_2022_rows) ... ok
test_verifier_digest_ignores_only_verifier_counter (test_s5b_preparation.S5BFrozenProtocolTestCase.test_verifier_digest_ignores_only_verifier_counter) ... ok
test_evaluator_visible_bundle_has_no_post_2022_observations (test_s5b_preparation.S5BPreparedArtifactTestCase.test_evaluator_visible_bundle_has_no_post_2022_observations) ... ok
test_exact_warmup_is_derived_from_actual_frozen_ten (test_s5b_preparation.S5BPreparedArtifactTestCase.test_exact_warmup_is_derived_from_actual_frozen_ten) ... ok
test_forged_bundle_and_lane_identity_are_rejected (test_s5b_preparation.S5BPreparedArtifactTestCase.test_forged_bundle_and_lane_identity_are_rejected) ... ok
test_frozen_genomes_cannot_be_mutated_through_snapshot (test_s5b_preparation.S5BPreparedArtifactTestCase.test_frozen_genomes_cannot_be_mutated_through_snapshot) ... ok
test_protocol_and_artifact_hashes_are_content_addressed (test_s5b_preparation.S5BPreparedArtifactTestCase.test_protocol_and_artifact_hashes_are_content_addressed) ... ok
test_sealed_exposure_instrumentation_fails_closed_without_opening_data (test_s5b_preparation.S5BPreparedArtifactTestCase.test_sealed_exposure_instrumentation_fails_closed_without_opening_data) ... ok
test_frozen_artifacts_are_content_addressed_and_expected (test_s5c_advancement.S5CAdvancementArtifactTest.test_frozen_artifacts_are_content_addressed_and_expected) ... ok
test_forged_behavior_representation_is_rejected (test_s5c_advancement.S5CAdvancementUnitTest.test_forged_behavior_representation_is_rejected) ... ok
test_genome_inputs_are_not_mutated (test_s5c_advancement.S5CAdvancementUnitTest.test_genome_inputs_are_not_mutated) ... ok
test_identity_is_not_qualification_score_only (test_s5c_advancement.S5CAdvancementUnitTest.test_identity_is_not_qualification_score_only) ... ok
test_mechanical_selection_skips_complete_behavior_duplicates (test_s5c_advancement.S5CAdvancementUnitTest.test_mechanical_selection_skips_complete_behavior_duplicates) ... ok
test_protocol_keeps_sealed_lanes_locked_and_has_no_data_path (test_s5c_advancement.S5CAdvancementUnitTest.test_protocol_keeps_sealed_lanes_locked_and_has_no_data_path) ... ok
test_evaluator_has_fixed_path_and_final_2025_maximum (test_s5c_preparation.S5CPreparedArtifactTestCase.test_evaluator_has_fixed_path_and_final_2025_maximum) ... ok
test_exact_warmup_is_derived_from_actual_three_finalists (test_s5c_preparation.S5CPreparedArtifactTestCase.test_exact_warmup_is_derived_from_actual_three_finalists) ... ok
test_final_reserve_exposure_instrumentation_fails_closed (test_s5c_preparation.S5CPreparedArtifactTestCase.test_final_reserve_exposure_instrumentation_fails_closed) ... ok
test_finalist_identities_and_genomes_are_reverified_immutable (test_s5c_preparation.S5CPreparedArtifactTestCase.test_finalist_identities_and_genomes_are_reverified_immutable) ... ok
test_forged_bundle_identity_is_rejected (test_s5c_preparation.S5CPreparedArtifactTestCase.test_forged_bundle_identity_is_rejected) ... ok
test_preparation_conservation_is_zero (test_s5c_preparation.S5CPreparedArtifactTestCase.test_preparation_conservation_is_zero) ... ok
test_protocol_bundle_and_manifest_are_content_addressed (test_s5c_preparation.S5CPreparedArtifactTestCase.test_protocol_bundle_and_manifest_are_content_addressed) ... ok
test_bounded_constructor_projects_canonical_provenance_schema (test_s5c_preparation.S5CProtocolTestCase.test_bounded_constructor_projects_canonical_provenance_schema) ... ok
test_constructor_never_uses_full_dataset_loader_or_reads_after_final_session (test_s5c_preparation.S5CProtocolTestCase.test_constructor_never_uses_full_dataset_loader_or_reads_after_final_session) ... ok
test_every_episode_gets_independent_fresh_state (test_s5c_preparation.S5CProtocolTestCase.test_every_episode_gets_independent_fresh_state) ... ok
test_execution_entrypoint_refuses_without_future_token (test_s5c_preparation.S5CProtocolTestCase.test_execution_entrypoint_refuses_without_future_token) ... ok
test_forged_advancement_and_protocol_identities_are_rejected (test_s5c_preparation.S5CProtocolTestCase.test_forged_advancement_and_protocol_identities_are_rejected) ... ok
test_prior_performance_reserve_and_feedback_are_rejected (test_s5c_preparation.S5CProtocolTestCase.test_prior_performance_reserve_and_feedback_are_rejected) ... ok
test_ranking_waits_for_all_three_and_tie_breaks_by_genome_id (test_s5c_preparation.S5CProtocolTestCase.test_ranking_waits_for_all_three_and_tie_breaks_by_genome_id) ... ok
test_score_is_exact_frozen_s5a_s5b_equation_rounded_12 (test_s5c_preparation.S5CProtocolTestCase.test_score_is_exact_frozen_s5a_s5b_equation_rounded_12) ... ok
test_three_independent_calendar_year_episodes_are_frozen (test_s5c_preparation.S5CProtocolTestCase.test_three_independent_calendar_year_episodes_are_frozen) ... ok
test_trusted_selector_physically_excludes_2026_and_later (test_s5c_preparation.S5CProtocolTestCase.test_trusted_selector_physically_excludes_2026_and_later) ... ok
test_winner_rule_is_deterministic_rank_one_without_override (test_s5c_preparation.S5CProtocolTestCase.test_winner_rule_is_deterministic_rank_one_without_override) ... ok
test_champion_genome_is_exact_and_immutable (test_s5d_preparation.S5DPreparedArtifactTestCase.test_champion_genome_is_exact_and_immutable) ... ok
test_evaluator_has_fixed_path_and_exact_date_boundaries (test_s5d_preparation.S5DPreparedArtifactTestCase.test_evaluator_has_fixed_path_and_exact_date_boundaries) ... ok
test_forged_bundle_and_champion_identities_are_rejected (test_s5d_preparation.S5DPreparedArtifactTestCase.test_forged_bundle_and_champion_identities_are_rejected) ... ok
test_post_reserve_exposure_instrumentation_fails_closed (test_s5d_preparation.S5DPreparedArtifactTestCase.test_post_reserve_exposure_instrumentation_fails_closed) ... ok
test_preparation_has_no_real_execution_or_result_artifact (test_s5d_preparation.S5DPreparedArtifactTestCase.test_preparation_has_no_real_execution_or_result_artifact) ... ok
test_protocol_bundle_snapshot_and_manifest_are_content_addressed (test_s5d_preparation.S5DPreparedArtifactTestCase.test_protocol_bundle_snapshot_and_manifest_are_content_addressed) ... ok
test_warmup_is_minimum_mechanical_champion_requirement (test_s5d_preparation.S5DPreparedArtifactTestCase.test_warmup_is_minimum_mechanical_champion_requirement) ... ok
test_all_required_outcome_metrics_are_recorded (test_s5d_preparation.S5DProtocolTestCase.test_all_required_outcome_metrics_are_recorded) ... ok
test_deterministic_result_digest_ignores_only_verifier_counter (test_s5d_preparation.S5DProtocolTestCase.test_deterministic_result_digest_ignores_only_verifier_counter) ... ok
test_execution_entrypoint_refuses_without_future_token (test_s5d_preparation.S5DProtocolTestCase.test_execution_entrypoint_refuses_without_future_token) ... ok
test_fixture_runner_persists_verification_and_deterministic_artifact (test_s5d_preparation.S5DProtocolTestCase.test_fixture_runner_persists_verification_and_deterministic_artifact) ... ok
test_forged_protocol_identity_is_rejected (test_s5d_preparation.S5DProtocolTestCase.test_forged_protocol_identity_is_rejected) ... ok
test_fresh_state_initialization_is_independent (test_s5d_preparation.S5DProtocolTestCase.test_fresh_state_initialization_is_independent) ... ok
test_one_exact_contiguous_reserve_episode_and_fresh_state_are_frozen (test_s5d_preparation.S5DProtocolTestCase.test_one_exact_contiguous_reserve_episode_and_fresh_state_are_frozen) ... ok
test_performance_free_champion_snapshot_is_exact (test_s5d_preparation.S5DProtocolTestCase.test_performance_free_champion_snapshot_is_exact) ... ok
test_prior_performance_feedback_and_competition_are_rejected (test_s5d_preparation.S5DProtocolTestCase.test_prior_performance_feedback_and_competition_are_rejected) ... ok
test_reporting_has_no_score_threshold_selection_or_replacement (test_s5d_preparation.S5DProtocolTestCase.test_reporting_has_no_score_threshold_selection_or_replacement) ... ok
test_selector_contains_only_exact_warmup_and_reserve (test_s5d_preparation.S5DProtocolTestCase.test_selector_contains_only_exact_warmup_and_reserve) ... ok
test_breaching_candidate_is_skipped_for_next_candidate (test_s6a_executable.S6EnforcementEdgeTests.test_breaching_candidate_is_skipped_for_next_candidate) ... ok
test_forged_manifest_is_rejected (test_s6a_executable.S6EnforcementEdgeTests.test_forged_manifest_is_rejected) ... ok
test_population_builder_is_deterministic_and_isolated (test_s6a_executable.S6EnforcementEdgeTests.test_population_builder_is_deterministic_and_isolated) ... ok
test_G_constraints (test_s6a_executable.S6ExecutableTests.test_G_constraints) ... ok
test_all_decision_functions_are_deterministic_and_long_only (test_s6a_executable.S6ExecutableTests.test_all_decision_functions_are_deterministic_and_long_only) ... ok
test_boundary_and_feedback_rejection (test_s6a_executable.S6ExecutableTests.test_boundary_and_feedback_rejection) ... ok
test_content_addressed_artifacts_and_probe_hashes (test_s6a_executable.S6ExecutableTests.test_content_addressed_artifacts_and_probe_hashes) ... ok
test_development_advancement_is_gen12_verified_unique (test_s6a_executable.S6ExecutableTests.test_development_advancement_is_gen12_verified_unique) ... ok
test_drawdown_halt_is_external_and_exact (test_s6a_executable.S6ExecutableTests.test_drawdown_halt_is_external_and_exact) ... ok
test_faster_trend_preserves_and_exits_existing_positions (test_s6a_executable.S6ExecutableTests.test_faster_trend_preserves_and_exits_existing_positions) ... ok
test_hybrid_both_zero_volatility_uses_ratio_one (test_s6a_executable.S6ExecutableTests.test_hybrid_both_zero_volatility_uses_ratio_one) ... ok
test_mutation_determinism_constraints_and_no_halt_gene (test_s6a_executable.S6ExecutableTests.test_mutation_determinism_constraints_and_no_halt_gene) ... ok
test_next_open_fill_and_costs (test_s6a_executable.S6ExecutableTests.test_next_open_fill_and_costs) ... ok
test_same_lineage_and_trader_A_rejection (test_s6a_executable.S6ExecutableTests.test_same_lineage_and_trader_A_rejection) ... ok
test_similarity_equality_breach_and_no_winner (test_s6a_executable.S6ExecutableTests.test_similarity_equality_breach_and_no_winner) ... ok
test_synthetic_probes_are_deterministic_and_long_enough (test_s6a_executable.S6ExecutableTests.test_synthetic_probes_are_deterministic_and_long_enough) ... ok
test_warmup_maxima (test_s6a_executable.S6ExecutableTests.test_warmup_maxima) ... ok
test_2026_and_caller_selected_ranges_remain_inaccessible (test_s6a_feasibility.S6ADevelopmentFeasibilityTests.test_2026_and_caller_selected_ranges_remain_inaccessible) ... ok
test_b_c_d_g_generated_genomes_are_development_feasible (test_s6a_feasibility.S6ADevelopmentFeasibilityTests.test_b_c_d_g_generated_genomes_are_development_feasible) ... ok
test_deterministic_feasibility_resampling_and_generation (test_s6a_feasibility.S6ADevelopmentFeasibilityTests.test_deterministic_feasibility_resampling_and_generation) ... ok
test_every_lineage_can_fill_required_in_memory_cardinality (test_s6a_feasibility.S6ADevelopmentFeasibilityTests.test_every_lineage_can_fill_required_in_memory_cardinality) ... ok
test_exact_physical_availability_is_immutable_development_only (test_s6a_feasibility.S6ADevelopmentFeasibilityTests.test_exact_physical_availability_is_immutable_development_only) ... ok
test_infeasible_e_is_rejected_and_feasible_e_is_accepted (test_s6a_feasibility.S6ADevelopmentFeasibilityTests.test_infeasible_e_is_rejected_and_feasible_e_is_accepted) ... ok
test_infeasible_f_is_rejected_and_feasible_f_is_accepted (test_s6a_feasibility.S6ADevelopmentFeasibilityTests.test_infeasible_f_is_rejected_and_feasible_f_is_accepted) ... ok
test_rejection_precedes_persistence_fitness_and_episode_execution (test_s6a_feasibility.S6ADevelopmentFeasibilityTests.test_rejection_precedes_persistence_fitness_and_episode_execution) ... ok
test_development_bundle_loads_despite_symbol_ordering (test_s6a_loader_repair.S6ALoaderRepairTests.test_development_bundle_loads_despite_symbol_ordering) ... ok
test_different_universe_is_rejected (test_s6a_loader_repair.S6ALoaderRepairTests.test_different_universe_is_rejected) ... ok
test_duplicated_symbol_is_rejected (test_s6a_loader_repair.S6ALoaderRepairTests.test_duplicated_symbol_is_rejected) ... ok
test_extra_symbol_is_rejected (test_s6a_loader_repair.S6ALoaderRepairTests.test_extra_symbol_is_rejected) ... ok
test_missing_symbol_is_rejected (test_s6a_loader_repair.S6ALoaderRepairTests.test_missing_symbol_is_rejected) ... ok
test_qualification_bundle_loads_despite_symbol_ordering (test_s6a_loader_repair.S6ALoaderRepairTests.test_qualification_bundle_loads_despite_symbol_ordering) ... ok
test_reordered_but_otherwise_identical_set_is_accepted (test_s6a_loader_repair.S6ALoaderRepairTests.test_reordered_but_otherwise_identical_set_is_accepted) ... ok
test_complete_run_status_and_resume_rejection (test_s6b_continuation.S6BContinuationCompletedRunProtectionTests.test_complete_run_status_and_resume_rejection) ... ok
test_complete_run_still_collides_on_naive_rerun (test_s6b_continuation.S6BContinuationCompletedRunProtectionTests.test_complete_run_still_collides_on_naive_rerun) ... ok
test_generation_already_exists_is_refused_directly (test_s6b_continuation.S6BContinuationCompletedRunProtectionTests.test_generation_already_exists_is_refused_directly) ... ok
test_interrupted_checkpoint_still_collides_on_naive_rerun (test_s6b_continuation.S6BContinuationCompletedRunProtectionTests.test_interrupted_checkpoint_still_collides_on_naive_rerun) ... ok
test_completion_without_gen12_is_rejected (test_s6b_continuation.S6BContinuationFailClosedTests.test_completion_without_gen12_is_rejected) ... ok
test_corrupted_json_is_rejected (test_s6b_continuation.S6BContinuationFailClosedTests.test_corrupted_json_is_rejected) ... ok
test_generation_gap_is_rejected (test_s6b_continuation.S6BContinuationFailClosedTests.test_generation_gap_is_rejected) ... ok
test_generation_identity_tamper_without_resign_is_rejected (test_s6b_continuation.S6BContinuationFailClosedTests.test_generation_identity_tamper_without_resign_is_rejected) ... ok
test_inconsistent_stored_fitness_state_is_rejected (test_s6b_continuation.S6BContinuationFailClosedTests.test_inconsistent_stored_fitness_state_is_rejected) ... ok
test_invalid_parent_provenance_is_rejected (test_s6b_continuation.S6BContinuationFailClosedTests.test_invalid_parent_provenance_is_rejected) ... ok
test_partial_generation_membership_is_rejected (test_s6b_continuation.S6BContinuationFailClosedTests.test_partial_generation_membership_is_rejected) ... ok
test_population_cardinality_overflow_is_rejected (test_s6b_continuation.S6BContinuationFailClosedTests.test_population_cardinality_overflow_is_rejected) ... ok
test_wrong_frozen_protocol_identity_is_rejected (test_s6b_continuation.S6BContinuationFailClosedTests.test_wrong_frozen_protocol_identity_is_rejected) ... ok
test_wrong_lineage_in_generation_record_is_rejected (test_s6b_continuation.S6BContinuationFailClosedTests.test_wrong_lineage_in_generation_record_is_rejected) ... ok
test_wrong_lineage_in_metadata_is_rejected (test_s6b_continuation.S6BContinuationFailClosedTests.test_wrong_lineage_in_metadata_is_rejected) ... ok
test_wrong_run_identity_is_rejected (test_s6b_continuation.S6BContinuationFailClosedTests.test_wrong_run_identity_is_rejected) ... ok
test_failure_marker_blocks_continuation (test_s6b_continuation.S6BContinuationFailedRunTests.test_failure_marker_blocks_continuation) ... ok
test_absence_does_not_authorize_execution (test_s6b_continuation.S6BContinuationNoExistingRunTests.test_absence_does_not_authorize_execution) ... ok
test_absent_directory_is_no_existing_run_not_interrupted (test_s6b_continuation.S6BContinuationNoExistingRunTests.test_absent_directory_is_no_existing_run_not_interrupted) ... ok
test_deterministic_next_generation_identity (test_s6b_continuation.S6BContinuationResumeTests.test_deterministic_next_generation_identity) ... ok
test_different_lineage_produces_a_different_next_generation (test_s6b_continuation.S6BContinuationResumeTests.test_different_lineage_produces_a_different_next_generation) ... ok
test_gen0_only_checkpoint_resumes_to_gen1 (test_s6b_continuation.S6BContinuationResumeTests.test_gen0_only_checkpoint_resumes_to_gen1) ... ok
test_no_evaluator_or_decision_function_ever_runs (test_s6b_continuation.S6BContinuationResumeTests.test_no_evaluator_or_decision_function_ever_runs) ... ok
test_preserves_checkpoint_bytes_exactly (test_s6b_continuation.S6BContinuationResumeTests.test_preserves_checkpoint_bytes_exactly) ... ok
test_valid_resume_reproduces_the_original_truncated_generation (test_s6b_continuation.S6BContinuationResumeTests.test_valid_resume_reproduces_the_original_truncated_generation) ... ok
test_additional_field_breaks_the_known_identity (test_s6b_continuation.S6BLegacyCompatibilityProofTests.test_additional_field_breaks_the_known_identity) ... ok
test_changed_unrelated_value_breaks_the_known_identity (test_s6b_continuation.S6BLegacyCompatibilityProofTests.test_changed_unrelated_value_breaks_the_known_identity) ... ok
test_current_content_hashes_to_known_current_identity (test_s6b_continuation.S6BLegacyCompatibilityProofTests.test_current_content_hashes_to_known_current_identity) ... ok
test_legacy_transform_changes_only_the_one_documented_field (test_s6b_continuation.S6BLegacyCompatibilityProofTests.test_legacy_transform_changes_only_the_one_documented_field) ... ok
test_legacy_transform_reproduces_known_legacy_identity (test_s6b_continuation.S6BLegacyCompatibilityProofTests.test_legacy_transform_reproduces_known_legacy_identity) ... ok
test_missing_field_breaks_the_known_identity (test_s6b_continuation.S6BLegacyCompatibilityProofTests.test_missing_field_breaks_the_known_identity) ... ok
test_nonzero_current_field_is_rejected (test_s6b_continuation.S6BLegacyCompatibilityProofTests.test_nonzero_current_field_is_rejected) ... ok
test_nonzero_legacy_field_breaks_the_known_identity (test_s6b_continuation.S6BLegacyCompatibilityProofTests.test_nonzero_legacy_field_breaks_the_known_identity) ... ok
test_second_renamed_field_breaks_the_known_identity (test_s6b_continuation.S6BLegacyCompatibilityProofTests.test_second_renamed_field_breaks_the_known_identity) ... ok
test_verify_legacy_compatibility_proof_never_claims_equality (test_s6b_continuation.S6BLegacyCompatibilityProofTests.test_verify_legacy_compatibility_proof_never_claims_equality) ... ok
test_current_synthetic_continuation_behavior_is_still_deterministic (test_s6b_continuation.S6BLegacyProfileCheckpointTests.test_current_synthetic_continuation_behavior_is_still_deterministic) ... ok
test_current_tbots_envelope_is_classified_current (test_s6b_continuation.S6BLegacyProfileCheckpointTests.test_current_tbots_envelope_is_classified_current) ... ok
test_legacy_checkpoint_bytes_remain_untouched (test_s6b_continuation.S6BLegacyProfileCheckpointTests.test_legacy_checkpoint_bytes_remain_untouched) ... ok
test_legacy_completion_lock_with_unrelated_field_changed_is_rejected (test_s6b_continuation.S6BLegacyProfileCheckpointTests.test_legacy_completion_lock_with_unrelated_field_changed_is_rejected) ... ok
test_legacy_envelope_is_classified_legacy_only_through_compatibility_proof (test_s6b_continuation.S6BLegacyProfileCheckpointTests.test_legacy_envelope_is_classified_legacy_only_through_compatibility_proof) ... ok
test_no_evaluator_or_decision_function_runs_for_legacy_profile (test_s6b_continuation.S6BLegacyProfileCheckpointTests.test_no_evaluator_or_decision_function_runs_for_legacy_profile) ... ok
test_unknown_completion_lock_hash_is_rejected (test_s6b_continuation.S6BLegacyProfileCheckpointTests.test_unknown_completion_lock_hash_is_rejected) ... ok
test_complete_gen0_through_gen12_and_exact_population_size (test_s6b_orchestration.S6BCompleteSyntheticTests.test_complete_gen0_through_gen12_and_exact_population_size) ... ok
test_deterministic_feasibility_resampling_and_generation_identities (test_s6b_orchestration.S6BCompleteSyntheticTests.test_deterministic_feasibility_resampling_and_generation_identities) ... ok
test_output_overwrite_protection (test_s6b_orchestration.S6BCompleteSyntheticTests.test_output_overwrite_protection) ... ok
test_reproduction_is_byte_and_semantically_equal (test_s6b_orchestration.S6BCompleteSyntheticTests.test_reproduction_is_byte_and_semantically_equal) ... ok
test_same_lineage_parent_provenance (test_s6b_orchestration.S6BCompleteSyntheticTests.test_same_lineage_parent_provenance) ... ok
test_top_eight_is_unique_verified_gen12_advancement (test_s6b_orchestration.S6BCompleteSyntheticTests.test_top_eight_is_unique_verified_gen12_advancement) ... ok
test_2019_plus_development_access_is_rejected (test_s6b_orchestration.S6BFailClosedTests.test_2019_plus_development_access_is_rejected) ... ok
test_2026_plus_access_is_rejected (test_s6b_orchestration.S6BFailClosedTests.test_2026_plus_access_is_rejected) ... ok
test_cross_lineage_parent_is_rejected (test_s6b_orchestration.S6BFailClosedTests.test_cross_lineage_parent_is_rejected) ... ok
test_cross_lineage_population_is_rejected (test_s6b_orchestration.S6BFailClosedTests.test_cross_lineage_population_is_rejected) ... ok
test_frozen_s6a_identity_verification (test_s6b_orchestration.S6BFailClosedTests.test_frozen_s6a_identity_verification) ... ok
test_independent_verifier_disagreement_fails_closed (test_s6b_orchestration.S6BFailClosedTests.test_independent_verifier_disagreement_fails_closed) ... ok
test_infeasible_candidate_never_reaches_evaluator (test_s6b_orchestration.S6BFailClosedTests.test_infeasible_candidate_never_reaches_evaluator) ... ok
test_invalid_admission_token_never_reaches_evaluator (test_s6b_orchestration.S6BFailClosedTests.test_invalid_admission_token_never_reaches_evaluator) ... ok
test_maximum_two_lineage_concurrency_guard (test_s6b_orchestration.S6BFailClosedTests.test_maximum_two_lineage_concurrency_guard) ... ok
test_mock_scheduler_never_exceeds_two_active_lineages (test_s6b_orchestration.S6BFailClosedTests.test_mock_scheduler_never_exceeds_two_active_lineages) ... ok
test_real_population_adapter_remains_locked (test_s6b_orchestration.S6BFailClosedTests.test_real_population_adapter_remains_locked) ... ok
test_trader_a_is_rejected (test_s6b_orchestration.S6BFailClosedTests.test_trader_a_is_rejected) ... ok
test_crash_between_feasibility_and_generation_commit_recovers_same_transaction (test_s6b_resume_executor.ResumeCrashRecoveryTests.test_crash_between_feasibility_and_generation_commit_recovers_same_transaction) ... ok
test_orphan_precommit_stage_is_cleaned_without_advancing_checkpoint (test_s6b_resume_executor.ResumeCrashRecoveryTests.test_orphan_precommit_stage_is_cleaned_without_advancing_checkpoint) ... ok
test_resume_from_gen6_reproduces_uninterrupted_tree_byte_for_byte (test_s6b_resume_executor.ResumeExactnessTests.test_resume_from_gen6_reproduces_uninterrupted_tree_byte_for_byte) ... ok
test_resume_gen12_from_gen11_reproduces_uninterrupted_tree_byte_for_byte (test_s6b_resume_executor.ResumeExactnessTests.test_resume_gen12_from_gen11_reproduces_uninterrupted_tree_byte_for_byte) ... ok
test_resume_one_generation_advances_exactly_one_generation (test_s6b_resume_executor.ResumeExactnessTests.test_resume_one_generation_advances_exactly_one_generation) ... ok
test_complete_run_is_never_overwritten (test_s6b_resume_executor.ResumeProtectionTests.test_complete_run_is_never_overwritten) ... ok
test_no_existing_run_is_never_created (test_s6b_resume_executor.ResumeProtectionTests.test_no_existing_run_is_never_created) ... ok
test_population_checkpoint_requires_explicit_execution_gate (test_s6b_resume_executor.ResumeProtectionTests.test_population_checkpoint_requires_explicit_execution_gate) ... ok
test_verifier_must_be_independent (test_s6b_resume_executor.ResumeProtectionTests.test_verifier_must_be_independent) ... ok
test_all_tables_present (test_schema.SchemaTestCase.test_all_tables_present) ... ok
test_atomic_pending_running_completed_lifecycle (test_schema.SchemaTestCase.test_atomic_pending_running_completed_lifecycle) ... ok
test_create_genome_is_idempotent (test_schema.SchemaTestCase.test_create_genome_is_idempotent) ... ok
test_foreign_keys_enforced (test_schema.SchemaTestCase.test_foreign_keys_enforced) ... ok
test_full_round_trip_through_the_experiment_model (test_schema.SchemaTestCase.test_full_round_trip_through_the_experiment_model) ... ok
test_genome_id_is_content_addressed_and_order_independent (test_schema.SchemaTestCase.test_genome_id_is_content_addressed_and_order_independent) ... ok
test_incomplete_episode_cannot_complete_experiment (test_schema.SchemaTestCase.test_incomplete_episode_cannot_complete_experiment) ... ok
test_pending_or_running_experiment_can_fail_with_result (test_schema.SchemaTestCase.test_pending_or_running_experiment_can_fail_with_result) ... ok

----------------------------------------------------------------------
Ran 371 tests in 41.787s

OK
